0BA,CORE
0BB,CORE
01I,CORE
00N,CORE
0BC,CORE
02m,CORE
0D0,CORE
0BE,CORE
0EM,CORE
0ER,CORE
06s,CORE
06t,CORE
01e,CORE
01J,CORE
0EO,CORE
03a,CORE
012,CORE
013,CORE
019,CORE
01A,CORE
014,CORE
01r,CORE
01P,CORE
00h,CORE
01B,CORE
01C,CORE
03c,CORE
02q,CORE
04z,CORE
0EH,CORE
0EI,CORE
0EJ,CORE
01G,CORE
0DH,CORE
0U3,CORE
0U4,CORE
0U2,CORE
0IX,CORE
0IY,CORE
0Ia,CORE
208,GLOBAL
04Q,ADMIN
04R,ADMIN
800,BUSOP
801,BUSOP
802,BUSOP
803,BUSOP
804,BUSOP
805,BUSOP
806,BUSOP
00x,BUSOP
00w,BUSOP
00y,BUSOP
00z,BUSOP
02a,BUSOP
600,BILLING
00D,CORE
80D,CORE
005,CORE
035,CORE
0em,CORE
0e1,CORE
03d,CORE
01H,CORE
01N,CORE
017,CORE
737,CORE
02s,CORE
02t,CORE
0D2,CORE
0D3,CORE
777,CORE
766,CORE
015,CORE
01Z,CORE
01a,CORE
0IB,CORE
0IC,CORE
0ID,CORE
11a,CORE
05L,CORE
00l,CORE
018,CORE
036,CORE
02F,CORE
00b,CORE
04u,CORE
00B,CORE
01b,CORE
01c,CORE
0DG,CORE
00c,CORE
01O,CORE
03u,CORE
01g,CORE
0f1,CORE
092,CORE
00m,CORE
00n,CORE
0F0,CORE
01d,CORE
02E,CORE
00C,CORE
02S,CORE
02b,CORE
00X,CORE
05X,CORE
016,CORE
204,CORE
02T,CORE
02V,CORE
02U,CORE
02X,CORE
02Y,CORE
02d,CORE
0DJ,CORE
02k,CORE
025,CORE
02w,CORE
02x,CORE
0Ya,CORE
02l,CORE
052,CORE
02f,CORE
02g,CORE
02h,CORE
02p,CORE
02u,CORE
02v,CORE
030,CORE
031,CORE
042,CORE
04Z,CORE
03e,CORE
03f,CORE
807,CORE
0rp,CORE
044,CORE
710,CORE
05G,CORE
713,CORE
711,CORE
712,CORE
076,CORE
077,CORE
078,CORE
0IV,CORE
0BR,CORE
07A,CORE
07E,CORE
07G,CORE
083,CORE
084,CORE
085,CORE
088,CORE
091,CORE
093,CORE
0GC,CORE
09a,CORE
09b,CORE
04B,CORE
0B1,CORE
0H3,CORE
0H5,CORE
0C7,CORE
0GB,CORE
0FN,CORE
0Yg,CORE
0Yu,CORE
0Yh,CORE
0Yi,CORE
0Yj,CORE
0Yk,CORE
0Yl,CORE
0Yn,CORE
0Ys,CORE
0Yt,CORE
0Yw,CORE
0EZ,CORE
0Yz,CORE
0C1,CORE
05O,CORE
046,CORE
0EC,CORE
0Yq,CORE
0FD,CORE
0FL,CORE
0BP,CORE
0BT,CORE
0BU,CORE
0FA,CORE
750,CORE
751,CORE
752,CORE
753,CORE
1Ya,CORE
1Yb,CORE
0F6,CORE
0FC,CORE
0BY,CORE
0Bc,CORE
0G0,CORE
0C8,CORE
0IR,CORE
0IT,CORE
0IU,CORE
0GG,CORE
08B,CORE
066,CORE
099,CORE
0IS,CORE
081,CORE
03l,GLOBAL
05Y,GLOBAL
0A6,GLOBAL
0AE,GLOBAL
0BQ,GLOBAL
0FF,GLOBAL
07C,CORE
0FE,CORE
0FS,CORE
07B,CORE
0FV,CORE
0FZ,CORE
0DE,CORE
0HC,CORE
0HD,CORE
0HE,CORE
0DD,CORE
0t0,CORE
701,MARKETING
01Y,MARKETING
00v,MARKETING
089,MARKETING
0BG,MARKETING
04s,CORE
001,SALES
003,SALES
00Q,SALES
006,SALES
02Z,SALES
00K,SALES
008,SALES
00k,SALES
00o,SALES
049,SALES
00J,SALES
00p,SALES
01D,SALES
00q,SALES
01M,SALES
00I,SALES
0G2,SALES
0G3,SALES
0G6,SALES
0G7,SALES
0J9,SALES
00A,SALES
0Yb,SALES
608,SALES
002,SALES
00P,SALES
098,SALES
02r,SALES
01x,SALES
00Y,SALES
01w,SALES
022,SALES
026,SALES
027,SALES
021,SALES
028,SALES
029,SALES
04W,SALES
04X,SALES
041,SALES
04P,SALES
045,SALES
04U,SALES
04V,SALES
04M,SALES
04O,SALES
04N,SALES
04L,SALES
04K,SALES
047,SALES
048,SALES
04A,SALES
0DK,SALES
0BM,SALES
0BN,SALES
0BO,SALES
0BS,SALES
0Yf,SALES
0QD,SALES
0SH,SALES
0Yc,SALES
0Yd,SALES
0Ye,SALES
0Yo,SALES
00i,CORE
00j,CORE
01s,CORE
01v,CORE
01u,CORE
01t,CORE
02i,CORE
01m,SUPPORT
500,SUPPORT
03j,SUPPORT
01z,SUPPORT
02D,SUPPORT
0gv,SUPPORT
010,SUPPORT
501,SUPPORT
087,SUPPORT
0C0,CORE
0sa,SUPPORT
06D,SUPPORT
0IQ,SUPPORT
0GF,SUPPORT
0HH,SUPPORT
060,CORE
062,CORE
061,CORE
067,CORE
0AB,CORE
0B2,CORE
0B3,CORE
03i,CORE
03k,CORE
04m,CORE
04n,CORE
04r,CORE
0F8,CORE
04o,CORE
04p,CORE
04q,CORE
04v,CORE
551,SUPPORT
0E9,SUPPORT
552,CORE
554,CORE
556,CORE
553,CORE
558,CORE
557,SUPPORT
559,CORE
560,CORE
561,CORE
555,SUPPORT
562,SUPPORT
0DP,CORE
0EB,KNOWLEDGE
0ET,KNOWLEDGE
0ES,KNOWLEDGE
0EU,KNOWLEDGE
0IA,KNOWLEDGE
0IM,KNOWLEDGE
0IJ,KNOWLEDGE
0IK,KNOWLEDGE
0IN,KNOWLEDGE
0IL,KNOWLEDGE
6AA,CORE
6AB,CORE
6AC,CORE
6AD,CORE
063,CORE
090,CORE
079,CORE
0C2,CORE
086,CORE
094,CORE
095,CORE
096,CORE
097,CORE
0B0,CORE
0B9,CORE
064,CORE
065,CORE
0E0,CORE
0E1,CORE
0E2,CORE
0E3,CORE
0E4,CORE
0E5,CORE
0E6,CORE
0EE,CORE
0EP,CORE
0EW,CORE
0EX,CORE
0H6,CORE
068,CONTENT
069,CONTENT
06A,CONTENT
058,CONTENT
059,CONTENT
06B,CONTENT
05P,CONTENT
0BI,CONTENT
05T,CONTENT
05K,CONTENT
05Z,CONTENT
04C,CONTENT
04D,CONTENT
056,CONTENT
05N,CONTENT
05Q,CONTENT
05C,CONTENT
05V,CONTENT
05W,CONTENT
05J,CONTENT
05R,CONTENT
057,CONTENT
05A,CONTENT
05S,CONTENT
05D,CONTENT
05H,CONTENT
0HF,CONTENT
08a,CORE
08e,CORE
08g,CORE
0FU,BASS
06C,BASS
0DI,BASS
05E,BASS
05F,BASS
0HA,BASS
0C3,BASS
0EF,BASS
0Y1,BASS
0EK,BASS
0EL,BASS
0G4,BASS
0G5,BASS
0H9,BASS
0I1,BASS
0IZ,BASS
03E,BASS
0FX,BASS
05M,BASS
0D5,CORE
0D6,CORE
0F7,CORE
0D7,CORE
0I0,CORE
0E8,CORE
0G1,CORE
729,CORE
0F5,CORE
0F9,CORE
0FB,CORE
0I5,CORE
0H1,CORE
0HB,CORE
0hd,CORE
0ht,CORE
0hc,CORE
0II,CORE
0H8,CORE
0IG,CORE
07F,CORE
0ca,CORE
0TO,CORE
0FT,CORE
0TR,CORE
0TY,CORE
03J,CORE
03K,CORE
03M,CORE
03N,CORE
0IF,CORE
0IH,CORE
0IP,CORE
0BW,CORE
01h,CORE
01i,CORE
01j,CORE
02B,CORE
02C,CORE
05t,CORE
01L,CORE
04w,CORE
101,CORE
034,CORE
04x,CORE
0BL,CORE
033,CORE
04t,CORE
0A5,CORE
0D8,CORE
0BH,CORE
0EV,CORE
0A2,CORE
0A3,CORE
0AD,CORE
082,CORE
07K,CORE
07J,CORE
0BF,CORE
0DF,CORE
080,CORE
0DV,CORE
0DX,CORE
0DY,CORE
0EA,CORE
0H7,CORE
0IO,CORE
0FR,CORE
00O,CORE
037,CORE
038,CORE
0I9,CORE
039,CORE
040,CORE
02y,CORE
02z,CORE
0EG,CORE
0F3,CORE
0HI,CORE
0FP,CORE
08A,CORE
070,CORE
071,CORE
072,CORE
073,CORE
074,CORE
075,CORE
0A0,CORE
0A1,CORE
0A8,CORE
0A9,CORE
0G8,CORE
0GD,CORE
0GE,CORE
01Q,CORE
01R,CORE
01S,CORE
01T,CORE
053,CORE
054,CORE
055,CORE
0PQ,CORE
01U,CORE
01l,CORE
04Y,CORE
0EN,CORE
04k,CORE
04l,CORE
0AC,CORE
0AA,CORE
043,CORE
01V,CORE
01W,CORE
01X,CORE
0BJ,CORE
04a,CORE
04b,CORE
04c,CORE
0DC,CORE
0A4,CORE
04d,CORE
04e,CORE
04f,CORE
04j,CORE
0ts,CORE
0ns,CORE
07D,CORE
04g,CORE
04h,CORE
04i,CORE
01p,CORE
03n,CORE
03q,CORE
01q,CORE
07L,CORE
07M,CORE
07N,CORE
707,CORE
709,CORE
708,CORE
00S,SALES
00E,CORE
04T,CORE
04S,CORE
00G,CORE
011,CORE
03g,CORE
032,SALES
0A7,CORE
0ED,CORE
0H2,CORE
0HG,CORE
100,CORE
102,CORE
050,CORE
051,CORE
0DU,CORE
0L2,CORE
0L3,CORE
0L4,CORE
0L5,CORE
0LC,CORE
00e,CORE
0PS,CORE
0Pa,CORE
110,CORE
01k,CORE
0J0,CORE
0Ym,CORE
00T,CORE
00U,CORE
10z,CORE
10y,CORE
023,CORE
024,CORE
020,CORE
0RT,CORE
0RE,CORE
111,CORE
112,CORE
113,CORE
0D1,CORE
0DA,CORE
02j,CORE
02n,CORE
02o,CORE
0EQ,CORE
0DM,SITEDEV
0DN,CORE
0FM,CORE
0H0,CORE
0I2,SITEDEV
0I3,SITEDEV
0CL,SITEDEV
0CC,SITEDEV
0I4,SITEDEV
0J1,SITEDEV
0FO,CORE
0FK,CORE
0FJ,CORE
0FG,CORE
0FH,CORE
0FW,CORE
0FI,CORE
300,FLOW
301,FLOW
30Q,FLOW
30C,FLOW
30S,FLOW
30R,FLOW
30L,FLOW
30f,FLOW
30F,FLOW
31S,FLOW
30D,FLOW
308,FLOW
309,FLOW
30A,FLOW
30a,FLOW
30c,FLOW
30V,FLOW
30r,FLOW
31c,FLOW
30d,FLOW
31V,FLOW
31d,FLOW
31i,FLOW
31o,FLOW
30t,FLOW
30v,FLOW
31v,FLOW
30g,FLOW
31A,FLOW
31C,FLOW
30m,FLOW
310,FLOW
0DB,CORE
0DL,CORE
0DO,CORE
0DQ,CORE
0ro,CORE
0Bb,CORE
0Ba,CORE
0BZ,CORE
0FQ,CORE
0Hj,CORE
0Hi,CORE
0H4,CORE
0F4,CORE
0SO,CORE
888,CORE
0C4,CORE
0P1,CORE
0sp,CORE
0TT,CORE
0TV,CORE
0RA,CORE
007,CORE
0U0,CORE
0GH,CORE
0GI,CORE
0F1,CORE
0F2,CORE
0Q0,CORE
0QL,CORE
0QR,CORE
906,CORE
907,CORE
910,CORE
911,CORE
912,CORE
918,CORE
05U,CORE
550,CORE
0E7,CORE
810,CORE
811,CORE
0K0,CORE
6BA,CORE
0CS,CORE
0CF,CORE
0L6,CORE
0L7,CORE
0L8,CORE
0L9,CORE
0LA,CORE
0LB,CORE
1L0,CORE
1L1,CORE
1L2,CORE
1L3,CORE
1L4,CORE
1L5,CORE
1L6,CORE
1L7,CORE
1L8,CORE
1L9,CORE
0JS,CORE
1CA,CORE
1CC,CORE
1CL,CORE
570,CORE
0DZ,CORE
571,CORE
0C5,CORE
0C9,CORE
0CA,CORE
0C6,CORE
0CB,CORE
0CD,CORE
572,CORE
573,CORE
574,CORE
900,CORE
901,CORE
90a,CORE
903,CORE
902,CORE
904,CORE
905,CORE
908,CORE
909,CORE
90b,CORE
90c,CORE
9s0,CORE
9s1,CORE
9s2,CORE
9s3,CORE
0SP,CORE
0ST,CORE
00a,SUPPORT
08s,MARKETING
08d,MARKETING
05B,MARKETING
05I,MARKETING
00r,SALES
00s,SALES
03G,SALES
0G9,SALES
03s,SALES
03D,SALES
03H,SALES
0I8,SALES
00t,SALES
00u,SALES
0BV,SALES
0I6,SALES
01o,SALES
02A,SALES
0D4,SALES
0D9,SALES
01n,SUPPORT
01y,SUPPORT
03I,SUPPORT
0I7,SUPPORT
02c,CORE
02e,CORE
0B4,CORE
0B5,CORE
0B6,CORE
0B7,CORE
