0BA,CUSTOM_DATA_TYPE
0BB,CUSTOM_DATA_TYPE_COMPONENT
01I,CUSTOM_ENTITY_DEFINITION
00N,CUSTOM_FIELD_DEFINITION
0BC,CUSTOM_FIELD_DATA_COLUMN
02m,CUSTOM_INDEX
0D0,CUSTOM_INDEX_USAGE
0BE,FILE_FIELD_DATA
0EM,CONTENT_REFERENCE
0ER,RICH_TEXT_AREA_FIELD_DATA
06s,SKINNY_TABLE
06t,SKINNY_TABLE_FIELD
01e,PICKLIST_SET
01J,PICKLIST_MASTER
0EO,PICKLIST_ITEM_PROPERTY
03a,DEPENDENT_PICKLIST
012,RECORD_TYPE
013,RECORD_TYPE_PICKLIST
019,BUSINESS_PROCESS
01A,BUSINESS_PROCESS_PICKLIST
014,PROFILE_RECORD_TYPE
01r,CUSTOM_TAB_DEFINITION
01P,PROFILE_TAB_CONFIGURATION
00h,LAYOUT
01B,LAYOUT_SECTION
01C,LAYOUT_ITEM
03c,LAYOUT_RIGHT_PANEL
02q,LAYOUT_ITEM_COLUMN
04z,LAYOUT_ITEM_ACTION_REF
0EH,SUMMARY_LAYOUT
0EI,SUMMARY_LAYOUT_ITEM
0EJ,SUMMARY_LAYOUT_SLICE_INFO
01G,PROFILE_LAYOUT
0DH,FIELD_ATTRIBUTES
0U3,MCO_VIEW
0U4,MCO_VIEW_ITEM
0U2,MY_ENTITY_IMPORT
0IX,FIELD_SET
0IY,FIELD_SET_ITEM
0Ia,CUSTOM_ENTITY_TRUNCATE_INFO
208,SFDC_DIVISION
04Q,LOG_ANALYSIS_RUN
04R,LOG_ANALYSIS_ITEM
800,CONTRACT
801,ORDERS
802,ORDER_ITEM
803,INVOICE
804,INVOICE_ITEM
805,PAYMENT
806,APPROVAL
00x,BILLED_PRODUCT
00w,PAYMENT_APPLICATION
00y,PURCHASE_RULE
00z,PURCHASE_RULE_ENTRY
02a,CONTRACT_CONTACT_ROLE
600,BILLING_DIVISION
00D,ORGANIZATION
80D,ORGANIZATION_VALUES
005,USERS
035,CSS_USER
0em,ENTITY_METADATA
0e1,PROFILE_CLIENT_SETTINGS
03d,VALIDATION_FORMULA
01H,MAILMERGE_TEMPLATE
01N,ACTIVE_CONTENT
017,ENTITY_HISTORY
737,FIELD_HISTORY
02s,EMAIL_MESSAGE
02t,EMAIL_ROUTING_ADDRESS
0D2,ORG_WIDE_EMAIL_ADDRESS
0D3,ORG_EMAIL_ADDRESS_SECURITY
777,UI_STYLE
766,UI_STYLE_DEFINITION
015,DOCUMENT
01Z,DASHBOARD
01a,DASHBOARD_COMPONENT
0IB,DASHBOARD_FILTER
0IC,DASHBOARD_FILTER_ITEM
0ID,DASHBOARD_FILTER_REP_COL
11a,DBC_THUMBNAIL
05L,DBC_THUMBNAIL_FILTER
00l,FOLDER
018,EMAIL_STATUS
036,JOB_QUEUE
02F,CUSTOM_FIELD_MAP
00b,CUSTOM_RESOURCE_LINK
04u,ACTION_OVERRIDE
00B,FILTER
01b,FILTER_ITEM
01c,FILTER_COLUMN
0DG,NAMED_FILTER
00c,TRAINING
01O,USER_UI_CONFIGURATION
03u,USER_PREFERENCE
01g,API_QUERY
0f1,SHARING_SNAPSHOT
092,ORGANIZATION_EXPORT_CONTENT
00m,EMAIL_ATTACHMENT_LOOKUP
00n,EMAIL_ATTACHMENT_ARCHIVE
0F0,EMAIL_TEMP_ATTACHMENT_MAP
01d,FOLDER_GROUPS
02E,HELP_SETTING
00C,DELETE_EVENT
02S,HTML_COMPONENT
02b,COMPONENT_RESOURCE_LINK
00X,EMAIL_TEMPLATE
05X,DOCUMENT_ENTITY_MAP
016,BRAND_TEMPLATE
204,SFDC_PARTNER
02T,CUSTOM_PAGE
02V,PAGE_COMPONENT
02U,CUSTOM_PAGE_ITEM
02X,CUSTOM_PAGE_PROFILE
02Y,USER_COMPONENT_DATA
02d,DIVISION
0DJ,DIVISION_MEMBER
02k,LIST_LAYOUT
025,LIST_LAYOUT_ITEM
02w,LOGIN_IP_RANGE
02x,LOGIN_HOURS
0Ya,LOGIN_HISTORY
02l,OUTBOUND_QUEUE
052,SFDC_OUTBOUND_MESSAGE
02f,DELEGATE_GROUP
02g,DELEGATE_GROUP_MEMBER
02h,DELEGATE_GROUP_GRANT
02p,DIV_TRANSFER_EVENT
02u,TAB_SET
02v,TAB_SET_MEMBER
030,PROFILE_TAB_SET
031,USER_TAB_SET_MEMBER
042,RULE_FILTER_ITEM
04Z,ENTITY_LOCK
03e,CUSTOM_SETUP_DEFINITION
03f,CUSTOM_SETUP
807,URI_BLOCK_RULE
0rp,REMOTE_PROXY
044,EXTERNALIZED_REFERENCE
710,LOGIN_IP
05G,IP_WHITELIST
713,CLIENT_BROWSER
711,API_LOGIN_KEY
712,LOGIN_IP_EMAIL
076,RATE_LIMITING_NOTIFICATION
077,API_CAPTURE
078,API_USAGE
0IV,LOG_SEARCH
0BR,LOG_SEARCH_RESULT
07A,MASS_MAIL
07E,SANDBOX
07G,SUMMARY_RECALC_QUEUE
083,VOTE
084,VOTE_CONFIG
085,VOTE_STATS
088,CLIENT_DESKTOP_CONFIG
091,EMAIL_SERVICES_FUNCTION
093,EMAIL_SERVICES_ADDRESS
0GC,EMAIL_DISCLAIMER
09a,COMMUNITY
09b,COMMUNITY_RECORD_TYPE
04B,ENTITY_BOOKMARK
0B1,MESSAGE_IDENTIFIER
0H3,DEAD_MESSAGE_QUEUE
0H5,DEAD_MESSAGE_QUEUE_PARAM
0C7,MESSAGE_QUEUE_CLONE_PARAM
0GB,DEQUEUE_CONCURRENCY_PERMIT
0FN,CACHE_KEY_VERSION
0Yg,LOGIN_SSO_ERROR
0Yu,LOGIN_IDP_ERROR
0Yh,ORGANIZATION_EXPORT_HISTORY
0Yi,ORGANIZATION_HISTORY
0Yj,ORGANIZATION_STATUS_HISTORY
0Yk,SANDBOX_HISTORY
0Yl,SERVER_STATS
0Yn,USER_TRAINING
0Ys,PARALLEL_JOB_STATUS
0Yt,APP_LOCK
0Yw,USER_LOGIN
0EZ,USER_CUSTOMIZATION
0Yz,ORGANIZATION_SECURITY
0C1,CUST_IDX_CANDIDATE
05O,CUST_IDX_CANDIDATE_INFO
046,CUSTOM_INDEX_CREATOR
0EC,USER_ROLE_GROUP_LOCK_USAGE
0Yq,RATE_LIMIT_INT_BUCKETS
0FD,CHART_DATA
0FL,DASHBOARD_COMPONENT_UPDATE
0BP,FFX_BUNDLE
0BT,FFX_COPY_ON_DELETE
0BU,FFX_FILE_REFERENCE
0FA,ALL_CSN_DOMAIN
750,ASYNC_API_JOB
751,ASYNC_API_BATCH
752,ASYNC_API_QUERY_RESULT
753,TEMP_STORE
1Ya,METERING_COUNT
1Yb,METERING_COUNT_TO_PERSIST
0F6,CUSTOM_INDEX_INFO
0FC,SOFT_DELETED_STAT
0BY,MQ_SLA_REQUEST
0Bc,MQ_SLA_JOB
0G0,SKEWER
0C8,LONG_JOB
0IR,REPLICATION_CHUNK
0IT,GRIDFORCE_JOB
0IU,HADOOP_JOB
0GG,SEARCH_SUSPENDED_INDEX
08B,GRIDFORCE_FILE_BACKUP
066,APEX_PAGE
099,APEX_COMPONENT
0IS,APEX_COMPONENT_ATTRIBUTE
081,STATIC_RESOURCE
03l,CLIENT_INFO
05Y,APPSERVER
0A6,
0AE,
0BQ,
0FF,CSN_DOMAIN_BLK_LIST
07C,
0FE,INDEX_BACKUP
0FS,INDEX_REVISION
07B,INDEX_ENTITIES_TO_DEL_WORK
0FV,SEARCH_INDEX_PARTITION
0FZ,SEARCH_STORAGE_SPACE
0DE,SYNONYM_TERM
0HC,SEARCH_AVERAGE_QUERY_TIME
0HD,SEARCH_ALERT_THRESHOLD
0HE,SEARCH_ALERT_THRESHOLD_VAL
0DD,SYNONYM_GROUP
0t0,TAG_DEFINITION
701,CAMPAIGN
01Y,CAMPAIGN_MEMBER_STATUS
00v,CAMPAIGN_MEMBER
089,CAMPAIGN_STATS_QUEUE
0BG,CAMPAIGN_INFLUENCE_ADJ
04s,ASYNC_REQUEST
001,ACCOUNT
003,CONTACT
00Q,LEAD
006,OPPORTUNITY
02Z,ACCOUNT_CONTACT_ROLE
00K,OPPORTUNITY_CONTACT_ROLE
008,OPPORTUNITY_HISTORY
00k,OPPORTUNITY_LINEITEM
00o,LINEITEM_SCHEDULE
049,OPPORTUNITY_SPLIT
00J,OPPORTUNITY_COMPETITOR
00p,USER_TEAM_MEMBER
01D,USER_ACC_TEAM_MEMBER
00q,OPP_TEAM_MEMBER
01M,ACC_TEAM_MEMBER
00I,PARTNER
0G2,FORECASTING_COMPOSITE_KEY
0G3,FORECASTING_ITEM
0G6,FORECASTING_FACT
0G7,FORECASTING_OVERRIDE
0J9,FORECASTING_QUOTA
00A,FORECAST_ITEM
0Yb,FORECAST_QUARTER_HISTORY
608,FORECAST_SHARE
002,NOTE
00P,ATTACHMENT
098,GOOGLE_DOC
02r,OPPORTUNITY_ALERT
01x,OPP_UPDATE_REMINDER_STATS
00Y,EMAIL_TEMP
01w,OPP_UPDATE_REMINDER
022,FISCAL_YEAR_SETTINGS
026,PERIOD
027,FORECAST_OVERRIDE
021,FORECAST_OVERRIDE
028,OPPORTUNITY_OVERRIDE
029,LINEITEM_OVERRIDE
04W,FORECAST_HISTORY
04X,FORECAST_HISTORY
041,ACC_TERRITORY_ASSIGN
04P,PARTNER_NETWORK_CONNECTION
045,PARTNER_NETWORK_SETUP
04U,PARTNER_NETWORK_LEAD_STAGE
04V,PARTNER_NETWORK_ENTITY_CONN
04M,PARTNER_NETWORK_FIELD_MAP
04O,PARTNER_NETWORK_STAGE
04N,PARTNER_NETWORK_TYPE_MAP
04L,PARTNER_NETWORK_OPP_STAGE
04K,PARTNER_NETWORK_VALUE_MAP
047,PARTNER_NETWORK_ACC_STAGE
048,PARTNER_NETWORK_CNTC_STAGE
04A,PARTNER_NETWORK_PROD_STAGE
0DK,PARTNER_NETWORK_CASE_STAGE
0BM,PARTNER_NETWORK_TEMPLATE
0BN,PARTNER_NETWORK_TMPLT_TYPE
0BO,PARTNER_NETWORK_TMPLT_FIELD
0BS,PARTNER_NETWORK_TMPLT_VALUE
0Yf,PARTNER_NETWORK_CONN_AUDIT
0QD,QUOTE_DOCUMENT
0SH,SOCIAL_HANDLE
0Yc,FORECAST_ITEM_HISTORY
0Yd,FORECAST_ROLLUP
0Ye,FORECAST_USER_OPP_ROLLUP
0Yo,OPP_UPDATE_REMINDER_DATA
00i,PRICEBOOK_MAPPING
00j,PRICEBOOK_ENTRY_MAPPING
01s,PRICEBOOK2
01v,PRICEBOOK_SHARE
01u,PRICEBOOK_ENTRY
01t,PRODUCT2
02i,ASSET
01m,BUSINESS_HOURS
500,CASES
03j,CASE_CONTACT_ROLE
01z,CASE_ESCALATION
02D,CASES_HISTORY2
0gv,CASE_ARTICLE
010,CASE_SOLUTION
501,SOLUTION
087,IDEA
0C0,ACTIVITY
0sa,CHATTER_SERVICE_ACTIVITY
06D,WEB_TO_X_REQUEST
0IQ,CONTEXT_PANE_LAYOUT
0GF,SD_VIEW_TAB_SET
0HH,SD_ENTITY_REFRESH
060,PORTAL
062,PORTAL_STYLE_CONFIG
061,PORTAL_ACCOUNT
067,PORTAL_MEMBER
0AB,PROFILE_PORTAL_DELEGATE
0B2,PORTAL_LANG_CONFIG
0B3,PORTAL_LANG_TAB_CONFIG
03i,CONSOLE_CONFIG
03k,CONSOLE_CONFIG_ITEM
04m,ADDITIONAL_NUMBER
04n,SOFTPHONE_LAYOUT
04r,SOFTPHONE_LAYOUT_CALL_TYPE
0F8,SOFTPHONE_SCREEN_POP_OPTION
04o,SOFTPHONE_LAYOUT_SECTION
04p,SOFTPHONE_LAYOUT_ITEM
04q,SOFTPHONE_LAYOUT_INFO_FIELD
04v,CALL_CENTER
551,ENTITLEMENT_TEMPLATE
0E9,PRODUCT_ENTITLEMENT_TEMPLATE
552,WORKFLOW_RULE
554,RULE_FILTER
556,RULE_FILTER_ITEM
553,RULE_FILTER
558,RULE_FILTER_ITEM
557,MILESTONE_TYPE
559,WORKFLOW_TIME_TRIGGER
560,WORKFLOW_TIME_ACTION
561,RULE_FILTER_ACTION
555,CASE_MILESTONE
562,CASE_STOP
0DP,ENTITY_VERSIONED_HISTORY
0EB,RENDERER
0ET,IMPORT
0ES,IMPORT_FILE
0EU,IMPORT_LOG
0IA,LANGUAGE_CONFIG
0IM,EXPORT
0IJ,EXPORT_LANGUAGE
0IK,EXPORT_ARTICLE
0IN,EXPORT_FILE
0IL,EXPORT_LOG
6AA,ASSOCIATION_QUEUE_ITEM
6AB,EVENT_ASSOCIATION_ITEM
6AC,MAIL_ASSOCIATION_ITEM
6AD,TASK_ASSOCIATION_ITEM
063,MOBILE_CONFIG
090,MOBILE_EXCLUDED_FIELD
079,MOBILE_MARKED_RECORD
0C2,MOBILE_SESSION
086,MOBILE_DEVICE
094,MOBILE_VIEW
095,MOBILE_VIEW_SORT_COLUMN
096,MOBILE_VIEW_DISPLAY_COLUMN
097,MOBILE_VIEW_FILTER
0B0,MOBILE_ENTITY_SETTING
0B9,MOBILE_TAB
064,QUERY_SET
065,QUERY_SET_ITEM
0E0,EMAIL_SYNC_CONFIG
0E1,EMAIL_SYNC_ENTITY_SETTING
0E2,EMAIL_SYNC_FIELD_MAPPING
0E3,EMAIL_SYNC_VALUE_MAPPING
0E4,EMAIL_CONFIG_ENTITY_SETTING
0E5,EMAIL_USER_ENTITY_SETTING
0E6,EMAIL_SYNC_ADVANCED_SETTING
0EE,DEPLOY_DIRECTION
0EP,INBOUND_CHANGE_SET
0EW,CHANGE_SET_DEPLOY_HISTORY
0EX,CHANGE_SET_DEPLOY_MESSAGE
0H6,CHANGE_SET_UPLOAD_HISTORY
068,VERSION
069,DOC
06A,DOC_ENTITY_LINK
058,WS
059,WS_DOC
06B,WS_ALLOWED_REC_TYPE
05P,WS_PERM
0BI,VERSION_MAP
05T,CONTENT
05K,VERSION_RENDTN_CONTENT
05Z,WS_RECENT_EVENT
04C,DOC_CGROUP_UPDATE
04D,DOC_WS_UPDATE
056,TAG_NAME
05N,VERSION_TAG
05Q,TAG_SUB
05C,VERSION_COMMENT
05V,NOTIFCTN
05W,NOTIFCTN_PARAM
05J,VERSION_RATING
05R,WS_SUB
057,DOC_SUB
05A,WS_MEMBER
05S,USER_SUB
05D,DISTRIBUTION
05H,DISTRIBUTION_VIEW
0HF,PUBLISH_HISTORY
08a,CRON_JOB_DETAIL
08e,CRON_TRIGGER
08g,CRON_FIRED_TRIGGER
0FU,FUNCTION_DEFINITION
06C,NODE_TO_PARTITION_MAPPING
0DI,MEMCACHED_SERVER
05E,DB_CONN_PERMIT
05F,DB_CONN_CHECKOUT
0HA,MESSAGE_QUEUE_SUSPEND_DATA
0C3,REQUEST_THROTTLE
0EF,REQUEST_TRACE
0Y1,BOOSTER_PERMIT
0EK,PHYSICAL_DELETE_RUN
0EL,PHYSICAL_DELETE_RUN_STATE
0G4,ORACLE_AWR_SQLSTAT
0G5,ORACLE_AWR_SQLTEXT
0H9,ORACLE_AWR_SQLIGNORE
0I1,DB_LOCK_USAGE
0IZ,JIFFY_TRACE
03E,GATHER_STATS_TASK_INFO
0FX,QOPTIMIZER_LIMIT_OVERRIDE
05M,EXPERIMENT
0D5,FEEDS_ENTITY_HISTORY
0D6,FEEDS_ENTITY_HISTORY_FIELDS
0F7,FEED_POST
0D7,FEED_COMMENT
0I0,FEED_LIKE
0E8,ENTITY_SUBSCRIPTION
0G1,FEED_FIELD_HISTORY
729,PHOTO
0F5,PHOTO_ITEM
0F9,COLLABORATION_GROUP
0FB,COLLABORATION_GROUP_MEMBER
0I5,COLLAB_GROUP_MEMBER_REQUEST
0H1,COLLABORATION_INVITATION
0HB,ONBOARDING_GROUP_INFO
0hd,HASHTAG_DEFINITION
0ht,HASHTAG
0hc,HASHTAG_COUNT
0II,FEED_MENTION
0H8,NEWS_FEED_DENORM
0IG,FEED_LIST_VIEW_FILTER
07F,FEED_FAVORITE
0ca,CHATTER_ACTIVITY
0TO,TOPIC
0FT,TOPIC_ENTITY
0TR,TOPIC_RUN
0TY,TOPIC_ONTOLOGY
03J,DIRECT_MESSAGE
03K,DIRECT_MESSAGE_THREAD
03M,DIRECT_MESSAGE_STREAM
03N,DIRECT_MESSAGE_STREAM_MEMBER
0IF,STREAMING_TOPIC
0IH,STREAMING_NOTIFICATION
0IP,STREAMING_RELEVANCE_CATALOG
0BW,MOBILE_PUSH_DEVICE
01h,TRANSLATION
01i,TRANSLATION_USER
01j,LOCALIZED_VALUE
02B,LABEL_DEFINITION
02C,LABEL_DATA
05t,CUSTOM_ENTITY_TRANSLATION
01L,CURRENCY_TYPE
04w,DATED_CONVERSION_RATE
101,EXTERNAL_STRING
034,PACKAGE_MEMBER
04x,PACKAGE_EXTENSION
0BL,PACKAGE_ID_MAPPING
033,ALL_PACKAGE
04t,ALL_PACKAGE_VERSION
0A5,ALL_MANAGED_PACKAGE_MEMBER
0D8,ALL_MANAGED_MEMBER_OPTION
0BH,ALL_MANAGED_CLASS_REL
0EV,ALL_INSTALLED_PACKAGE_VERS
0A2,DEV_PACKAGE_VERSION
0A3,INSTALLED_PACKAGE_VERSION
0AD,PACKAGE_EVENT
082,UNINSTALL_EXPORT
07K,COMP_FEATURE_DEPENDENCY
07J,COMP_OBJECT_DEPENDENCY
0BF,COMP_APP_VERSION
0DF,VERSION_SET
080,PAC_ENTITY_PERMISSIONS
0DV,PUSH_UPGRADE_REQUEST
0DX,PUSH_UPGRADE_JOB
0DY,PUSH_UPGRADE_JOB_ERROR
0EA,PACKAGE_VERSION_PATCH_ORG
0H7,PACKAGE_SUPPORT_ACCESS
0IO,BRANDING_VALUE
0FR,PACKAGE_OPERATION_ERROR
00O,REPORT
037,REPORT_COLUMN
038,REPORT_FILTER_ITEM
0I9,REPORT_OBJECT_FILTER_ITEM
039,REPORT_BREAK
040,REPORT_PARAM
02y,REPORT_AGGREGATE
02z,REPORT_COLOR_RANGE
0EG,REPORT_CHART
0F3,REPORT_BLOCK
0HI,REPORT_BLOCK_AGGREGATE
0FP,REPORT_RUN_TRACKER
08A,ASYNC_REPORT_ITEM
070,CUSTOM_REPORT_TYPE
071,CRT_OBJECT
072,CRT_COLUMN
073,CRT_LAYOUT_SECTION
074,CRT_FILTER
075,CRT_FILTER_ITEM
0A0,REPORT_JOB
0A1,REPORT_JOB_FIELD_MAP
0A8,REPORT_JOB_RUN
0A9,REPORT_JOB_RUN_ERROR
0G8,REPORT_BUCKET_FIELD
0GD,REPORT_BUCKET_FIELD_VALUE
0GE,REPORT_BUCKET_FIELD_SRC_VAL
01Q,WORKFLOW_RULE
01R,RULE_FILTER
01S,RULE_FILTER_ITEM
01T,RULE_FILTER_ACTION
053,WORKFLOW_TIME_TRIGGER
054,WORKFLOW_TIME_ACTION
055,WORKFLOW_TIME_QUEUE
0PQ,PROCESS_TIME_QUEUE
01U,ACTION_ASSIGN_ESCALATE
01l,ACTION_RESPONSE
04Y,ACTION_FIELD_UPDATE
0EN,ACTION_BROWSER_PUSH
04k,OUTBOUND_ACTION
04l,OUTBOUND_MESSAGE
0AC,OUTBOUND_NOTIFICATION
0AA,DEAD_LETTER
043,OUTBOUND_FIELD
01V,ACTION_TASK
01W,ACTION_EMAIL
01X,ACTION_EMAIL_RECIPIENT
0BJ,ACTION_ASSIGN_TEAM
04a,PROCESS_DEFINITION
04b,PROCESS_NODE
04c,PROCESS_TRANSITION
0DC,PROCESS_TRANSITION_ACTION
0A4,PROCESS_TRANSITION_APPROVER
04d,PROCESS_TRANSITION_COND
04e,PROCESS_ACTION_ITEM
04f,PROCESS_WORKITEM_PROPS
04j,PROCESS_ALLOWED_SUBMITTER
0ts,PROCESS_TRANS_SECURITY
0ns,PROCESS_NODE_SECURITY
07D,FEED_POST_TEMPLATE
04g,PROCESS_INSTANCE
04h,PROCESS_INSTANCE_STEP
04i,PROCESS_INSTANCE_WORKITEM
01p,APEX_CLASS
03n,APEX_CLASS_IDENTIFIER
03q,APEX_CLASS_IDENT_REL
01q,APEX_TRIGGER
07L,APEX_LOG
07M,APEX_TEST_RESULT
07N,APEX_CODE_COVERAGE
707,ASYNC_APEX_JOB
709,APEX_TEST_QUEUE_ITEM
708,BATCH_APEX_RELATIONSHIP
00S,IMPORT_QUEUE
00E,USER_ROLE
04T,USER_ROLE
04S,USER_TERRITORY
00G,GROUPS
011,GROUP_MEMBER
03g,QUEUE_ENTITY
032,ACC_TERRITORY_RULE
0A7,CUSTOM_SHARE_ROW_CAUSE
0ED,LPU_ACCESS_MAPPING
0H2,LPU_SHARING_SET
0HG,ENTITY_SHARING_MODEL
100,USER_LICENSE
102,FEATURE_LICENSE
050,PACKAGE_LICENSE
051,USER_PACKAGE_LICENSE
0DU,LIMIT_USAGE_HISTORY
0L2,SUB_PLATFORM_LICENSE
0L3,SUB_USER_LICENSE
0L4,SUB_EDITION_LICENSE
0L5,SUB_ADDON_LICENSE
0LC,SUB_LICENSING_REQUEST
00e,PROFILE
0PS,PERMISSION_SET
0Pa,PERMISSION_SET_ASSIGN
110,ENTITY_PERMISSIONS
01k,PROFILE_FLS_ITEM
0J0,SETUP_ENTITY_ACCESS
0Ym,SETUP_AUDIT_TRAIL
00T,ACTIVITY
00U,ACTIVITY
10z,RECURRENCE_EXCEPTION
10y,RECURRENCE_EXCEPTION
023,APP_CALENDAR
024,APP_CALENDAR_SHARING
020,ACTIVITY_RELATION
0RT,ACTIVITY_RELATION
0RE,ACTIVITY_RELATION
111,ACTIVITY_COMMENT
112,PROPOSED_EVENT_TIME
113,PROPOSED_EVENT_RESPONSE
0D1,CATEGORY_TYPE
0DA,ENTITY_CATEGORY_TYPE
02j,CATEGORY_ACCESS
02n,CATEGORY_NODE
02o,CATEGORY_DATA
0EQ,CATEGORY_JOB_TASK
0DM,SITE
0DN,SITE_PAGE_OVERRIDE
0FM,FEED_MAPPING
0H0,SITE_REDIRECT_MAPPING
0I2,SITE_ASSET
0I3,SITE_COMPONENT
0CL,SITE_CHANGELIST
0CC,SITE_CHANGELIST_COMPONENT
0I4,SITE_DOMAIN
0J1,SITE_PERMISSION
0FO,VAMPIRE_REPLICATED_TABLE
0FK,VAMPIRE_REPLICATION_LOG
0FJ,VAMPIRE_SEQUENCE_NUMBER
0FG,VAMPIRE_APPEND_LOG_SCHEMA
0FH,VAMPIRE_APPEND_LOG
0FW,VAMPIRE_ARCH_APPEND_LOG
0FI,VAMPIRE_SEGMENT_FILE
300,INTERACTION_DEFINITION
301,INTERACTION_DEF_VERSION
30Q,INTERACTION_QUESTION
30C,INTERACTION_CHOICE
30S,INTERACTION_STATEMENT
30R,INTERACTION_REFERENCE
30L,INTERACTION_CONNECTOR
30f,INTERACTION_FORMULA
30F,INTERACTION_FORM
31S,INTERACTION_SWITCH
30D,INTERACTION_DECISION
308,INTERACTION_CONDITION
309,INTERACTION_OPERAND
30A,INTERACTION_ALLOCATOR
30a,INTERACTION_ALLOCATION
30c,INTERACTION_CONSTANT
30V,INTERACTION_VARIABLE
30r,INTERACTION_RESOURCE
31c,INTERACTION_CHOICE_LOOKUP
30d,INTERACTION_DATA_COLUMN
31V,INTERACTION_FIELD_VALUE
31d,INTERACTION_DATA_SOURCE
31i,INTERACTION_DATA_INPUT
31o,INTERACTION_DATA_OUTPUT
30t,INTERACTION_TODO
30v,INTERACTION_VALUE_LIST
31v,INTERACTION_VALUE_LIST_ENTRY
30g,INTERACTION_LAYOUT_GROUP
31A,SUBINTERACTION
31C,SUBINTERACTION_VAR_ASSIGN
30m,INTERACTION_APEX_CALL
310,INTERACTION_LAYOUT_DETAIL
0DB,NETWORK
0DL,NETWORK_PROFILE
0DO,NETWORK_MEMBER
0DQ,LUMEN_DEFINITION
0ro,FTEST_REPUTATION
0Bb,LOGIN_BRAND_2
0Ba,LOGIN_BRAND_ASSET_2
0BZ,EMAIL_BRAND_2
0FQ,TRIAL_MASTER
0Hj,APP_MANIFEST_VERSION
0Hi,APP_IP_RANGE
0H4,CONNECTED_APPLICATION
0F4,SECURITY_TOKEN
0SO,SSO_PROVIDER
888,OAUTH_CONSUMER
0C4,OAUTH_CONSUMER_WHITELIST
0P1,CERTIFICATE
0sp,SERVICE_PROVIDER
0TT,TRIAL_TEMPLATE
0TV,TRIAL_TEMPLATE_VERSION
0RA,ACTIVITY_RELATION
007,ACTIVITY
0U0,STANDARD_ENTITY_DATA
0GH,SETUP_ENTITY_DATA
0GI,SETUP_ENTITY_DATA
0F1,STANDARD_ENTITY_DATA
0F2,STANDARD_ENTITY_DATA
0Q0,STANDARD_ENTITY_DATA
0QL,STANDARD_ENTITY_DATA
0QR,STANDARD_ENTITY_DATA
906,STANDARD_ENTITY_DATA
907,STANDARD_ENTITY_DATA
910,STANDARD_ENTITY_DATA
911,STANDARD_ENTITY_DATA
912,STANDARD_ENTITY_DATA
918,SETUP_ENTITY_DATA
05U,SETUP_ENTITY_DATA
550,STANDARD_ENTITY_DATA
0E7,STANDARD_ENTITY_DATA
810,STANDARD_ENTITY_DATA
811,STANDARD_ENTITY_DATA
0K0,ENT_SETUP_ENTITY_DATA
6BA,STANDARD_ENTITY_DATA
0CS,SETUP_ENTITY_DATA
0CF,SETUP_ENTITY_DATA
0L6,STANDARD_ENTITY_DATA
0L7,STANDARD_ENTITY_DATA
0L8,STANDARD_ENTITY_DATA
0L9,STANDARD_ENTITY_DATA
0LA,STANDARD_ENTITY_DATA
0LB,STANDARD_ENTITY_DATA
1L0,STANDARD_ENTITY_DATA
1L1,STANDARD_ENTITY_DATA
1L2,STANDARD_ENTITY_DATA
1L3,STANDARD_ENTITY_DATA
1L4,STANDARD_ENTITY_DATA
1L5,STANDARD_ENTITY_DATA
1L6,STANDARD_ENTITY_DATA
1L7,SETUP_ENTITY_DATA
1L8,SETUP_ENTITY_DATA
1L9,STANDARD_ENTITY_DATA
0JS,STANDARD_ENTITY_DATA
1CA,STANDARD_ENTITY_DATA
1CC,STANDARD_ENTITY_DATA
1CL,STANDARD_ENTITY_DATA
570,STANDARD_ENTITY_DATA
0DZ,STANDARD_ENTITY_DATA
571,STANDARD_ENTITY_DATA
0C5,TL_SETUP_ENTITY_DATA
0C9,SETUP_ENTITY_DATA
0CA,SETUP_ENTITY_DATA
0C6,TL_SETUP_ENTITY_DATA
0CB,SETUP_ENTITY_DATA
0CD,SETUP_ENTITY_DATA
572,TL_SETUP_ENTITY_DATA
573,TL_SETUP_ENTITY_DATA
574,STANDARD_ENTITY_DATA
900,STANDARD_ENTITY_DATA
901,STANDARD_ENTITY_DATA
90a,STANDARD_ENTITY_DATA
903,STANDARD_ENTITY_DATA
902,STANDARD_ENTITY_DATA
904,STANDARD_ENTITY_DATA
905,STANDARD_ENTITY_DATA
908,STANDARD_ENTITY_DATA
909,STANDARD_ENTITY_DATA
90b,STANDARD_ENTITY_DATA
90c,STANDARD_ENTITY_DATA
9s0,TL_SETUP_ENTITY_DATA
9s1,SETUP_ENTITY_DATA
9s2,ENT_SETUP_ENTITY_DATA
9s3,SETUP_ENTITY_DATA
0SP,STANDARD_ENTITY_DATA
0ST,STANDARD_ENTITY_DATA
00a,COMMENTS
08s,CAMPAIGN_SHARE
08d,CAMPAIGN_SHARE_DEFAULT
05B,CAMPAIGN_SHARE_DEFAULT
05I,CAMPAIGN_CBS_FILTER_ITEM
00r,ACC_SHARE
00s,ACC_SHARE_DEFAULT
03G,ACC_SHARE_DEFAULT
0G9,ACC_CBS_FILTER_ITEM
03s,CON_SHARE
03D,CON_SHARE_DEFAULT
03H,CON_SHARE_DEFAULT
0I8,CON_CBS_FILTER_ITEM
00t,OPP_SHARE
00u,OPP_SHARE_DEFAULT
0BV,OPP_SHARE_DEFAULT
0I6,OPP_CBS_FILTER_ITEM
01o,LEAD_SHARE
02A,LEAD_SHARE_DEFAULT
0D4,LEAD_SHARE_DEFAULT
0D9,LEAD_CBS_FILTER_ITEM
01n,CASE_SHARE
01y,CASE_SHARE_DEFAULT
03I,CASE_SHARE_DEFAULT
0I7,CASE_CBS_FILTER_ITEM
02c,CUSTOM_SHARE
02e,CUSTOM_SHARE_DEFAULT
0B4,TEAM_TEMPLATE
0B5,TEAM_TEMPLATE_MEMBERSHIP
0B6,TEAM_MEMBERSHIP
0B7,TEAM_ROLE
0B8,TEAM_TEMPLATE_RECORD
0BD,CUSTOM_CBS_FILTER_ITEM
0j0,TAG
0BK,ACTION_ASSIGN_TEAM_ROW
0GA,VIEW_STAT
03F,CUSTOM_SHARE_DEFAULT
a##,CUSTOM_ENTITY_DATA
kA#,ARTICLE
ka#,ARTICLE_VERSION
0U1,MY_ENTITY_DATA
